Microchip MPLAB XC8 Compiler V2.35

Linker command line:

-W-3 --edf=C:\Program Files\Microchip\xc8\v2.35\pic\dat\en_msgs.txt -cn \
  -h+dist/default/production\16f1508_bulfro_485_tempsensor_v-10-4-23.X.production.sym \
  --cmf=dist/default/production\16f1508_bulfro_485_tempsensor_v-10-4-23.X.production.cmf \
  -z -Q16F1508 -oC:\Users\ADMIN\AppData\Local\Temp\xcAs8qs.4 \
  --defsym=__MPLAB_BUILD=1 \
  -Mdist/default/production/16f1508_bulfro_485_tempsensor_v-10-4-23.X.production.map \
  --md=C:\Users\ADMIN\AppData\Local\Temp\xcAs8qs.dat -E1 -ver=XC8 Compiler \
  --acfsm=1493 -ACODE=00h-07FFhx2 -ASTRCODE=00h-0FFFh -ASTRING=00h-0FFhx16 \
  -ACONST=00h-0FFhx16 -AENTRY=00h-0FFhx16 -ACOMMON=070h-07Fh \
  -ABANK0=020h-06Fh -ABANK1=0A0h-0EFh -ABANK2=0120h-016Fh \
  -ABIGRAM=02000h-020EFh -ARAM=020h-06Fh,0A0h-0EFh,0120h-016Fh \
  -AABS1=020h-07Fh,0A0h-0EFh,0120h-016Fh -ASFR0=00h-01Fh -ASFR1=080h-09Fh \
  -ASFR2=0100h-011Fh -ASFR3=0180h-01EFh -ASFR4=0200h-026Fh \
  -ASFR5=0280h-02EFh -ASFR6=0300h-036Fh -ASFR7=0380h-03EFh \
  -ASFR8=0400h-046Fh -ASFR9=0480h-04EFh -ASFR10=0500h-056Fh \
  -ASFR11=0580h-05EFh -ASFR12=0600h-066Fh -ASFR13=0680h-06EFh \
  -ASFR14=0700h-076Fh -ASFR15=0780h-07EFh -ASFR16=0800h-086Fh \
  -ASFR17=0880h-08EFh -ASFR18=0900h-096Fh -ASFR19=0980h-09EFh \
  -ASFR20=0A00h-0A6Fh -ASFR21=0A80h-0AEFh -ASFR22=0B00h-0B6Fh \
  -ASFR23=0B80h-0BEFh -ASFR24=0C00h-0C6Fh -ASFR25=0C80h-0CEFh \
  -ASFR26=0D00h-0D6Fh -ASFR27=0D80h-0DEFh -ASFR28=0E00h-0E6Fh \
  -ASFR29=0E80h-0EEFh -ASFR30=0F00h-0F6Fh -ASFR31=0F80h-0FEFh \
  -ACONFIG=08007h-08008h -DCONFIG=2 -AIDLOC=08000h-08003h -DIDLOC=2 \
  -DCODE=2 -DSTRCODE=2 -DSTRING=2 -DCONST=2 -DENTRY=2 \
  -preset_vec=00h,intentry=04h,init,end_init -ppowerup=CODE -pcinit=CODE \
  -pfunctab=ENTRY -k C:\Users\ADMIN\AppData\Local\Temp\xcAs8qs.o \
  dist/default/production\16f1508_bulfro_485_tempsensor_v-10-4-23.X.production.o 

Object code version is 3.11

Machine type is 16F1508



                Name                               Link     Load   Length Selector   Space Scale
C:\Users\ADMIN\AppData\Local\Temp\xcAs8qs.o
                end_init                             85       85        2        8       0
                reset_vec                             0        0        2        0       0
                config                             8007     8007        2        0       4
                idloc                              8000     8000        4        0       5
dist/default/production\16f1508_bulfro_485_tempsensor_v-10-4-23.X.production.o
                cinit                                87       87       15        8       0
                intentry                              4        4       81        8       0
                config                             8007     8007        2        0       4
                idloc                              8000     8000        4        0       5
                text18                              515      515        A        8       0
                text17                              311      311       5B        8       0
                text16                              36C      36C       3C        8       0
                text15                              3A8      3A8       35        8       0
                text14                              488      488       1B        8       0
                text13                              46D      46D       1B        8       0
                text12                              42D      42D       21        8       0
                text11                              40A      40A       23        8       0
                text10                              4D7      4D7       1A        8       0
                text9                               44E      44E       1F        8       0
                text8                               4BD      4BD       1A        8       0
                text7                               4A3      4A3       1A        8       0
                text6                               2B1      2B1       60        8       0
                text5                               20D      20D       A4        8       0
                text4                               500      500        B        8       0
                text3                               4F1      4F1        F        8       0
                text2                               50B      50B        A        8       0
                text1                               3DD      3DD       2D        8       0
                maintext                             9C       9C      171        8       0
                cstackBANK0                          65       65        9       20       1
                cstackCOMMON                         70       70        B       70       1
                clrtext                             51F      51F        6        8       0
                bssBANK1                             A0       A0       3C       A0       1
                bssBANK0                             20       20       45       20       1
                bssCOMMON                            7B       7B        1       70       1

TOTAL           Name                               Link     Load   Length     Space
        CLASS   CODE           
                end_init                             85       85        2         0
                cinit                                87       87       15         0
                intentry                              4        4       81         0
                reset_vec                             0        0        2         0
                text18                              515      515        A         0
                text17                              311      311       5B         0
                text16                              36C      36C       3C         0
                text15                              3A8      3A8       35         0
                text14                              488      488       1B         0
                text13                              46D      46D       1B         0
                text12                              42D      42D       21         0
                text11                              40A      40A       23         0
                text10                              4D7      4D7       1A         0
                text9                               44E      44E       1F         0
                text8                               4BD      4BD       1A         0
                text7                               4A3      4A3       1A         0
                text6                               2B1      2B1       60         0
                text5                               20D      20D       A4         0
                text4                               500      500        B         0
                text3                               4F1      4F1        F         0
                text2                               50B      50B        A         0
                text1                               3DD      3DD       2D         0
                maintext                             9C       9C      171         0
                clrtext                             51F      51F        6         0

        CLASS   STRCODE        

        CLASS   STRING         

        CLASS   CONST          

        CLASS   ENTRY          

        CLASS   COMMON         
                cstackCOMMON                         70       70        B         1
                bssCOMMON                            7B       7B        1         1

        CLASS   BANK0          
                cstackBANK0                          65       65        9         1
                bssBANK0                             20       20       45         1

        CLASS   BANK1          
                bssBANK1                             A0       A0       3C         1

        CLASS   BANK2          

        CLASS   BIGRAM         

        CLASS   RAM            

        CLASS   ABS1           
                abs_s1                               7E       7E        2         1

        CLASS   SFR0           

        CLASS   SFR1           

        CLASS   SFR2           

        CLASS   SFR3           

        CLASS   SFR4           

        CLASS   SFR5           

        CLASS   SFR6           

        CLASS   SFR7           

        CLASS   SFR8           

        CLASS   SFR9           

        CLASS   SFR10          

        CLASS   SFR11          

        CLASS   SFR12          

        CLASS   SFR13          

        CLASS   SFR14          

        CLASS   SFR15          

        CLASS   SFR16          

        CLASS   SFR17          

        CLASS   SFR18          

        CLASS   SFR19          

        CLASS   SFR20          

        CLASS   SFR21          

        CLASS   SFR22          

        CLASS   SFR23          

        CLASS   SFR24          

        CLASS   SFR25          

        CLASS   SFR26          

        CLASS   SFR27          

        CLASS   SFR28          

        CLASS   SFR29          

        CLASS   SFR30          

        CLASS   SFR31          

        CLASS   CONFIG         
                config                             8007     8007        2         4

        CLASS   IDLOC          
                idloc                              8000     8000        4         5

        CLASS   BANK31         

        CLASS   BANK30         

        CLASS   BANK29         

        CLASS   BANK28         

        CLASS   BANK27         

        CLASS   BANK26         

        CLASS   BANK25         

        CLASS   BANK24         

        CLASS   BANK23         

        CLASS   BANK22         

        CLASS   BANK21         

        CLASS   BANK20         

        CLASS   BANK19         

        CLASS   BANK18         

        CLASS   BANK17         

        CLASS   BANK16         

        CLASS   BANK15         

        CLASS   BANK14         

        CLASS   BANK13         

        CLASS   BANK12         

        CLASS   BANK11         

        CLASS   BANK10         

        CLASS   BANK9          

        CLASS   BANK8          

        CLASS   BANK7          

        CLASS   BANK6          

        CLASS   BANK5          

        CLASS   BANK4          

        CLASS   BANK3          

        CLASS   HEAP           

        CLASS   STACK          

        CLASS   EEDATA         



SEGMENTS        Name                           Load    Length   Top    Selector   Space  Class     Delta

                reset_vec                      000000  000002  000002         0       0  CODE        2
                intentry                       000004  000521  000525         8       0  CODE        2
                bssBANK0                       000020  00004E  00006E        20       1  BANK0       1
                cstackCOMMON                   000070  00000C  00007C        70       1  COMMON      1
                bssBANK1                       0000A0  00003C  0000DC        A0       1  BANK1       1


UNUSED ADDRESS RANGES

        Name                Unused          Largest block    Delta
        BANK0            0006E-0006F               2           1
        BANK1            000DC-000EF              14           1
        BANK2            00120-0016F              50           1
        BIGRAM           02000-020EF              F0           1
        CODE             00002-00003               2           2
                         00525-00FFF             2DB
        COMMON           0007C-0007D               2           1
        CONST            00002-00003               2           2
                         00525-00FFF             100
        ENTRY            00002-00003               2           2
                         00525-00FFF             100
        RAM              0006E-0006F               2           1
                         000DC-000EF              14
                         00120-0016F              50
        SFR0             00000-0001F              20           1
        SFR1             00080-0009F              20           1
        SFR10            00500-0056F              70           1
        SFR11            00580-005EF              70           1
        SFR12            00600-0066F              70           1
        SFR13            00680-006EF              70           1
        SFR14            00700-0076F              70           1
        SFR15            00780-007EF              70           1
        SFR16            00800-0086F              70           1
        SFR17            00880-008EF              70           1
        SFR18            00900-0096F              70           1
        SFR19            00980-009EF              70           1
        SFR2             00100-0011F              20           1
        SFR20            00A00-00A6F              70           1
        SFR21            00A80-00AEF              70           1
        SFR22            00B00-00B6F              70           1
        SFR23            00B80-00BEF              70           1
        SFR24            00C00-00C6F              70           1
        SFR25            00C80-00CEF              70           1
        SFR26            00D00-00D6F              70           1
        SFR27            00D80-00DEF              70           1
        SFR28            00E00-00E6F              70           1
        SFR29            00E80-00EEF              70           1
        SFR3             00180-001EF              70           1
        SFR30            00F00-00F6F              70           1
        SFR31            00F80-00FEF              70           1
        SFR4             00200-0026F              70           1
        SFR5             00280-002EF              70           1
        SFR6             00300-0036F              70           1
        SFR7             00380-003EF              70           1
        SFR8             00400-0046F              70           1
        SFR9             00480-004EF              70           1
        STRCODE          00002-00003               2           2
                         00525-00FFF             ADB
        STRING           00002-00003               2           2
                         00525-00FFF             100

                                  Symbol Table

?___lldiv                           cstackCOMMON 00071
?___lwdiv                           cstackCOMMON 00071
?___lwmod                           cstackBANK0  00065
I2CRead@temp                        cstackCOMMON 00073
I2CSend@dat                         cstackCOMMON 00073
_ANSELA                             (abs)        0018C
_ANSELB                             (abs)        0018D
_ANSELC                             (abs)        0018E
_BAUDCON                            (abs)        0019F
_I2CAck                             text14       00488
_I2CInit                            text18       00515
_I2CNak                             text13       0046D
_I2CRead                            text11       0040A
_I2CRestart                         text10       004D7
_I2CSend                            text9        0044E
_I2CStart                           text8        004BD
_I2CStop                            text7        004A3
_I2CWait                            text12       0042D
_INTCONbits                         (abs)        0000B
_INTERRUPT_InterruptManager         intentry     00004
_LATA                               (abs)        0010C
_LATB                               (abs)        0010D
_LATC                               (abs)        0010E
_LATCbits                           (abs)        0010E
_OPTION_REG                         (abs)        00095
_OSCCON                             (abs)        00099
_PIE1bits                           (abs)        00091
_PIR1bits                           (abs)        00011
_RCREG                              (abs)        00199
_RCSTA                              (abs)        0019D
_RCSTAbits                          (abs)        0019D
_SPBRG                              (abs)        0019B
_SSP1ADD                            (abs)        00212
_SSP1BUF                            (abs)        00211
_SSP1CON1                           (abs)        00215
_SSP1CON2                           (abs)        00216
_SSP1CON2bits                       (abs)        00216
_SSP1STAT                           (abs)        00214
_SSP1STATbits                       (abs)        00214
_TMR0                               (abs)        00015
_TRISA                              (abs)        0008C
_TRISB                              (abs)        0008D
_TRISB4                             (abs)        0046C
_TRISB6                             (abs)        0046E
_TRISBbits                          (abs)        0008D
_TRISC                              (abs)        0008E
_TXREG                              (abs)        0019A
_TXSTA                              (abs)        0019E
_TXSTAbits                          (abs)        0019E
__Habs1                             abs1         00000
__Hbank0                            bank0        00000
__Hbank1                            bank1        00000
__Hbank10                           bank10       00000
__Hbank11                           bank11       00000
__Hbank12                           bank12       00000
__Hbank13                           bank13       00000
__Hbank14                           bank14       00000
__Hbank15                           bank15       00000
__Hbank16                           bank16       00000
__Hbank17                           bank17       00000
__Hbank18                           bank18       00000
__Hbank19                           bank19       00000
__Hbank2                            bank2        00000
__Hbank20                           bank20       00000
__Hbank21                           bank21       00000
__Hbank22                           bank22       00000
__Hbank23                           bank23       00000
__Hbank24                           bank24       00000
__Hbank25                           bank25       00000
__Hbank26                           bank26       00000
__Hbank27                           bank27       00000
__Hbank28                           bank28       00000
__Hbank29                           bank29       00000
__Hbank3                            bank3        00000
__Hbank30                           bank30       00000
__Hbank31                           bank31       00000
__Hbank4                            bank4        00000
__Hbank5                            bank5        00000
__Hbank6                            bank6        00000
__Hbank7                            bank7        00000
__Hbank8                            bank8        00000
__Hbank9                            bank9        00000
__Hbigram                           bigram       00000
__HbssBANK0                         bssBANK0     00000
__HbssBANK1                         bssBANK1     00000
__HbssCOMMON                        bssCOMMON    00000
__Hcinit                            cinit        0009C
__Hclrtext                          clrtext      00000
__Hcode                             code         00000
__Hcommon                           common       00000
__Hconfig                           config       08009
__HcstackBANK0                      cstackBANK0  00000
__HcstackCOMMON                     cstackCOMMON 00000
__Heeprom_data                      eeprom_data  00000
__Hend_init                         end_init     00087
__Hfunctab                          functab      00000
__Hheap                             heap         00000
__Hidloc                            idloc        08004
__Hinit                             init         00085
__Hintentry                         intentry     00085
__Hmaintext                         maintext     00000
__Hpowerup                          powerup      00000
__Hram                              ram          00000
__Hreset_vec                        reset_vec    00002
__Hsfr0                             sfr0         00000
__Hsfr1                             sfr1         00000
__Hsfr10                            sfr10        00000
__Hsfr11                            sfr11        00000
__Hsfr12                            sfr12        00000
__Hsfr13                            sfr13        00000
__Hsfr14                            sfr14        00000
__Hsfr15                            sfr15        00000
__Hsfr16                            sfr16        00000
__Hsfr17                            sfr17        00000
__Hsfr18                            sfr18        00000
__Hsfr19                            sfr19        00000
__Hsfr2                             sfr2         00000
__Hsfr20                            sfr20        00000
__Hsfr21                            sfr21        00000
__Hsfr22                            sfr22        00000
__Hsfr23                            sfr23        00000
__Hsfr24                            sfr24        00000
__Hsfr25                            sfr25        00000
__Hsfr26                            sfr26        00000
__Hsfr27                            sfr27        00000
__Hsfr28                            sfr28        00000
__Hsfr29                            sfr29        00000
__Hsfr3                             sfr3         00000
__Hsfr30                            sfr30        00000
__Hsfr31                            sfr31        00000
__Hsfr4                             sfr4         00000
__Hsfr5                             sfr5         00000
__Hsfr6                             sfr6         00000
__Hsfr7                             sfr7         00000
__Hsfr8                             sfr8         00000
__Hsfr9                             sfr9         00000
__Hspace_0                          (abs)        00525
__Hspace_1                          (abs)        000DC
__Hspace_2                          (abs)        00000
__Hspace_3                          (abs)        00000
__Hspace_4                          (abs)        10010
__Hstack                            stack        00000
__Hstrings                          strings      00000
__Htext                             text         00000
__Labs1                             abs1         00000
__Lbank0                            bank0        00000
__Lbank1                            bank1        00000
__Lbank10                           bank10       00000
__Lbank11                           bank11       00000
__Lbank12                           bank12       00000
__Lbank13                           bank13       00000
__Lbank14                           bank14       00000
__Lbank15                           bank15       00000
__Lbank16                           bank16       00000
__Lbank17                           bank17       00000
__Lbank18                           bank18       00000
__Lbank19                           bank19       00000
__Lbank2                            bank2        00000
__Lbank20                           bank20       00000
__Lbank21                           bank21       00000
__Lbank22                           bank22       00000
__Lbank23                           bank23       00000
__Lbank24                           bank24       00000
__Lbank25                           bank25       00000
__Lbank26                           bank26       00000
__Lbank27                           bank27       00000
__Lbank28                           bank28       00000
__Lbank29                           bank29       00000
__Lbank3                            bank3        00000
__Lbank30                           bank30       00000
__Lbank31                           bank31       00000
__Lbank4                            bank4        00000
__Lbank5                            bank5        00000
__Lbank6                            bank6        00000
__Lbank7                            bank7        00000
__Lbank8                            bank8        00000
__Lbank9                            bank9        00000
__Lbigram                           bigram       00000
__LbssBANK0                         bssBANK0     00000
__LbssBANK1                         bssBANK1     00000
__LbssCOMMON                        bssCOMMON    00000
__Lcinit                            cinit        00087
__Lclrtext                          clrtext      00000
__Lcode                             code         00000
__Lcommon                           common       00000
__Lconfig                           config       00000
__LcstackBANK0                      cstackBANK0  00000
__LcstackCOMMON                     cstackCOMMON 00000
__Leeprom_data                      eeprom_data  00000
__Lend_init                         end_init     00085
__Lfunctab                          functab      00000
__Lheap                             heap         00000
__Lidloc                            idloc        00000
__Linit                             init         00085
__Lintentry                         intentry     00004
__Lmaintext                         maintext     00000
__Lpowerup                          powerup      00000
__Lram                              ram          00000
__Lreset_vec                        reset_vec    00000
__Lsfr0                             sfr0         00000
__Lsfr1                             sfr1         00000
__Lsfr10                            sfr10        00000
__Lsfr11                            sfr11        00000
__Lsfr12                            sfr12        00000
__Lsfr13                            sfr13        00000
__Lsfr14                            sfr14        00000
__Lsfr15                            sfr15        00000
__Lsfr16                            sfr16        00000
__Lsfr17                            sfr17        00000
__Lsfr18                            sfr18        00000
__Lsfr19                            sfr19        00000
__Lsfr2                             sfr2         00000
__Lsfr20                            sfr20        00000
__Lsfr21                            sfr21        00000
__Lsfr22                            sfr22        00000
__Lsfr23                            sfr23        00000
__Lsfr24                            sfr24        00000
__Lsfr25                            sfr25        00000
__Lsfr26                            sfr26        00000
__Lsfr27                            sfr27        00000
__Lsfr28                            sfr28        00000
__Lsfr29                            sfr29        00000
__Lsfr3                             sfr3         00000
__Lsfr30                            sfr30        00000
__Lsfr31                            sfr31        00000
__Lsfr4                             sfr4         00000
__Lsfr5                             sfr5         00000
__Lsfr6                             sfr6         00000
__Lsfr7                             sfr7         00000
__Lsfr8                             sfr8         00000
__Lsfr9                             sfr9         00000
__Lspace_0                          (abs)        00000
__Lspace_1                          (abs)        00000
__Lspace_2                          (abs)        00000
__Lspace_3                          (abs)        00000
__Lspace_4                          (abs)        00000
__Lstack                            stack        00000
__Lstrings                          strings      00000
__Ltext                             text         00000
__S0                                (abs)        00525
__S1                                (abs)        000DC
___heap_hi                          (abs)        00000
___heap_lo                          (abs)        00000
___int_sp                           stack        00000
___latbits                          (abs)        00001
___lldiv                            text17       00311
___lldiv@counter                    cstackBANK0  00069
___lldiv@dividend                   cstackCOMMON 00075
___lldiv@divisor                    cstackCOMMON 00071
___lldiv@quotient                   cstackBANK0  00065
___lwdiv                            text16       0036C
___lwdiv@counter                    cstackCOMMON 00078
___lwdiv@dividend                   cstackCOMMON 00073
___lwdiv@divisor                    cstackCOMMON 00071
___lwdiv@quotient                   cstackCOMMON 00076
___lwmod                            text15       003A8
___lwmod@counter                    cstackCOMMON 0007A
___lwmod@dividend                   cstackBANK0  00067
___lwmod@divisor                    cstackBANK0  00065
___sp                               stack        00000
___stackhi                          (abs)        00000
___stacklo                          (abs)        00000
__end_of_I2CAck                     text14       004A3
__end_of_I2CInit                    text18       0051F
__end_of_I2CNak                     text13       00488
__end_of_I2CRead                    text11       0042D
__end_of_I2CRestart                 text10       004F1
__end_of_I2CSend                    text9        0046D
__end_of_I2CStart                   text8        004D7
__end_of_I2CStop                    text7        004BD
__end_of_I2CWait                    text12       0044E
__end_of_INTERRUPT_InterruptManager intentry     00085
__end_of___lldiv                    text17       0036C
__end_of___lwdiv                    text16       003A8
__end_of___lwmod                    text15       003DD
__end_of__initialization            cinit        00098
__end_of_main                       maintext     0020D
__end_of_mcp3422_fn                 text6        00311
__end_of_memset                     text5        002B1
__end_of_rxint                      text3        00500
__end_of_time_int                   text2        00515
__end_of_txmul_fn                   text1        0040A
__end_of_uart2_init                 text4        0050B
__initialization                    cinit        00087
__pbssBANK0                         bssBANK0     00020
__pbssBANK1                         bssBANK1     000A0
__pbssCOMMON                        bssCOMMON    0007B
__pcstackBANK0                      cstackBANK0  00065
__pcstackCOMMON                     cstackCOMMON 00070
__pintentry                         intentry     00004
__pmaintext                         maintext     0009C
__ptext1                            text1        003DD
__ptext10                           text10       004D7
__ptext11                           text11       0040A
__ptext12                           text12       0042D
__ptext13                           text13       0046D
__ptext14                           text14       00488
__ptext15                           text15       003A8
__ptext16                           text16       0036C
__ptext17                           text17       00311
__ptext18                           text18       00515
__ptext2                            text2        0050B
__ptext3                            text3        004F1
__ptext4                            text4        00500
__ptext5                            text5        0020D
__ptext6                            text6        002B1
__ptext7                            text7        004A3
__ptext8                            text8        004BD
__ptext9                            text9        0044E
_actval                             bssBANK0     0003E
_adch1cnt                           bssBANK0     00057
_adchconfig                         bssBANK0     00058
_adchval                            bssBANK0     00055
_addadch1val                        bssBANK0     0002A
_addval                             bssBANK0     0005C
_avgadch1val                        bssBANK1     000BC
_cond                               bssBANK0     00046
_i2cdelaycnt                        bssCOMMON    0007B
_int1cnt                            bssBANK0     00054
_int32tou8                          bssBANK0     00036
_intcnt                             bssBANK0     0003C
_logtim                             bssBANK0     0003A
_longactval                         bssBANK0     0002E
_main                               maintext     0009C
_mcp3422_fn                         text6        002B1
_memset                             text5        0020D
_rd1cnt                             bssBANK0     00050
_rd2cnt                             bssBANK0     0004F
_recvcnt                            bssBANK0     0005D
_rx_cnt                             bssBANK0     00053
_rx_data                            bssBANK0     00052
_rxcnt                              bssBANK0     0005E
_rxdataarr                          bssBANK1     000AA
_rxint                              text3        004F1
_rxrecvarr                          bssBANK0     00020
_time_int                           text2        0050B
_tx1str                             bssBANK1     000C8
_txchkcnt                           bssBANK0     00051
_txcnt                              bssBANK0     0004C
_txlen2                             bssBANK0     0004E
_txlen3                             bssBANK0     0004D
_txmul_fn                           text1        003DD
_uart2_init                         text4        00500
btemp                               (abs)        0007E
clear_ram0                          clrtext      0051F
end_of_initialization               cinit        00098
int$flags                           (abs)        0007E
intlevel0                           functab      00000
intlevel1                           functab      00000
intlevel2                           functab      00000
intlevel3                           functab      00000
intlevel4                           functab      00000
intlevel5                           functab      00000
mcp3422_fn@ch                       cstackCOMMON 00075
memset@c                            cstackCOMMON 00071
memset@dest                         cstackCOMMON 00079
memset@k                            cstackCOMMON 00077
memset@n                            cstackCOMMON 00073
memset@s                            cstackCOMMON 0007A
reset_vec                           reset_vec    00000
start                               init         00085
start_initialization                cinit        00087
txmul_fn@txdatastr1                 cstackCOMMON 00073
txmul_fn@txlen1                     cstackCOMMON 00071
wtemp0                              (abs)        0007E


MODULE INFORMATION

Module		Function		Class		Link	Load	Size
C:\Program Files\Microchip\xc8\v2.35\pic\sources\c99\common\lwdiv.c
		___lwdiv       		CODE           	036C	0000	60

C:\Program Files\Microchip\xc8\v2.35\pic\sources\c99\common\lwdiv.c estimated size: 60

C:\Program Files\Microchip\xc8\v2.35\pic\sources\c99\common\__lldiv.c
		___lldiv       		CODE           	0311	0000	91

C:\Program Files\Microchip\xc8\v2.35\pic\sources\c99\common\__lldiv.c estimated size: 91

shared
		__initialization		CODE           	0087	0000	17

shared estimated size: 17

16f1508_bulfro_485_tempsensor_v-10-4-23.c
		_I2CNak        		CODE           	046D	0000	27
		_txmul_fn      		CODE           	03DD	0000	45
		_time_int      		CODE           	050B	0000	10
		_mcp3422_fn    		CODE           	02B1	0000	96
		_I2CStop       		CODE           	04A3	0000	26
		_I2CAck        		CODE           	0488	0000	27
		_main          		CODE           	009C	0000	369
		_I2CRead       		CODE           	040A	0000	35
		_INTERRUPT_InterruptManager		CODE           	0004	0000	129
		_I2CRestart    		CODE           	04D7	0000	26
		_I2CStart      		CODE           	04BD	0000	26
		_rxint         		CODE           	04F1	0000	15
		_uart2_init    		CODE           	0500	0000	11
		_I2CWait       		CODE           	042D	0000	33
		_I2CInit       		CODE           	0515	0000	10
		_I2CSend       		CODE           	044E	0000	31

16f1508_bulfro_485_tempsensor_v-10-4-23.c estimated size: 916

C:\Program Files\Microchip\xc8\v2.35\pic\sources\c99\common\memset.c
		_memset        		CODE           	020D	0000	164

C:\Program Files\Microchip\xc8\v2.35\pic\sources\c99\common\memset.c estimated size: 164

C:\Program Files\Microchip\xc8\v2.35\pic\sources\c99\common\lwmod.c
		___lwmod       		CODE           	03A8	0000	53

C:\Program Files\Microchip\xc8\v2.35\pic\sources\c99\common\lwmod.c estimated size: 53

