Microchip MPLAB XC8 Compiler V2.35

Linker command line:

-W-3 --edf=C:\Program Files\Microchip\xc8\v2.35\pic\dat\en_msgs.txt -cn \
  -h+dist/default/production\16f1509_bulfro_485_tempsensor_v8-4-23.X.production.sym \
  --cmf=dist/default/production\16f1509_bulfro_485_tempsensor_v8-4-23.X.production.cmf \
  -z -Q16F1508 -oC:\Users\ADMIN\AppData\Local\Temp\xcAs980.4 \
  --defsym=__MPLAB_BUILD=1 \
  -Mdist/default/production/16f1509_bulfro_485_tempsensor_v8-4-23.X.production.map \
  --md=C:\Users\ADMIN\AppData\Local\Temp\xcAs980.dat -E1 -ver=XC8 Compiler \
  --acfsm=1493 -ACODE=00h-07FFhx2 -ASTRCODE=00h-0FFFh -ASTRING=00h-0FFhx16 \
  -ACONST=00h-0FFhx16 -AENTRY=00h-0FFhx16 -ACOMMON=070h-07Fh \
  -ABANK0=020h-06Fh -ABANK1=0A0h-0EFh -ABANK2=0120h-016Fh \
  -ABIGRAM=02000h-020EFh -ARAM=020h-06Fh,0A0h-0EFh,0120h-016Fh \
  -AABS1=020h-07Fh,0A0h-0EFh,0120h-016Fh -ASFR0=00h-01Fh -ASFR1=080h-09Fh \
  -ASFR2=0100h-011Fh -ASFR3=0180h-01EFh -ASFR4=0200h-026Fh \
  -ASFR5=0280h-02EFh -ASFR6=0300h-036Fh -ASFR7=0380h-03EFh \
  -ASFR8=0400h-046Fh -ASFR9=0480h-04EFh -ASFR10=0500h-056Fh \
  -ASFR11=0580h-05EFh -ASFR12=0600h-066Fh -ASFR13=0680h-06EFh \
  -ASFR14=0700h-076Fh -ASFR15=0780h-07EFh -ASFR16=0800h-086Fh \
  -ASFR17=0880h-08EFh -ASFR18=0900h-096Fh -ASFR19=0980h-09EFh \
  -ASFR20=0A00h-0A6Fh -ASFR21=0A80h-0AEFh -ASFR22=0B00h-0B6Fh \
  -ASFR23=0B80h-0BEFh -ASFR24=0C00h-0C6Fh -ASFR25=0C80h-0CEFh \
  -ASFR26=0D00h-0D6Fh -ASFR27=0D80h-0DEFh -ASFR28=0E00h-0E6Fh \
  -ASFR29=0E80h-0EEFh -ASFR30=0F00h-0F6Fh -ASFR31=0F80h-0FEFh \
  -ACONFIG=08007h-08008h -DCONFIG=2 -AIDLOC=08000h-08003h -DIDLOC=2 \
  -DCODE=2 -DSTRCODE=2 -DSTRING=2 -DCONST=2 -DENTRY=2 \
  -preset_vec=00h,intentry=04h,init,end_init -ppowerup=CODE -pcinit=CODE \
  -pfunctab=ENTRY -k C:\Users\ADMIN\AppData\Local\Temp\xcAs980.o \
  dist/default/production\16f1509_bulfro_485_tempsensor_v8-4-23.X.production.o 

Object code version is 3.11

Machine type is 16F1508



                Name                               Link     Load   Length Selector   Space Scale
C:\Users\ADMIN\AppData\Local\Temp\xcAs980.o
                end_init                             85       85        2        8       0
                reset_vec                             0        0        2        0       0
                config                             8007     8007        2        0       4
                idloc                              8000     8000        4        0       5
dist/default/production\16f1509_bulfro_485_tempsensor_v8-4-23.X.production.o
                cinit                                87       87       25        8       0
                intentry                              4        4       81        8       0
                config                             8007     8007        2        0       4
                idloc                              8000     8000        4        0       5
                text19                              50E      50E        A        8       0
                text18                              2EA      2EA       5B        8       0
                text17                              345      345       3C        8       0
                text16                              381      381       35        8       0
                text15                              481      481       1B        8       0
                text14                              466      466       1B        8       0
                text13                              406      406       21        8       0
                text12                              3E3      3E3       23        8       0
                text11                              4D0      4D0       1A        8       0
                text10                              447      447       1F        8       0
                text9                               4B6      4B6       1A        8       0
                text8                               49C      49C       1A        8       0
                text7                               27F      27F       6B        8       0
                text6                               1DB      1DB       A4        8       0
                text5                               4F9      4F9        B        8       0
                text4                               4EA      4EA        F        8       0
                text3                               427      427       20        8       0
                text2                               504      504        A        8       0
                text1                               3B6      3B6       2D        8       0
                maintext                             AC       AC      12F        8       0
                cstackBANK0                          5D       5D        9       20       1
                cstackCOMMON                         70       70        B       70       1
                clrtext                             51E      51E        6      A3C       0
                bssBANK1                             A0       A0       28       A0       1
                dataBANK0                            66       66        4       20       1
                bssBANK0                             20       20       3D       20       1
                bssCOMMON                            7B       7B        1       70       1
                stringtext1                         518      518        6      A30       0
                idataBANK0                          524      524        4      A3C       0

TOTAL           Name                               Link     Load   Length     Space
        CLASS   CODE           
                end_init                             85       85        2         0
                cinit                                87       87       25         0
                intentry                              4        4       81         0
                reset_vec                             0        0        2         0
                text19                              50E      50E        A         0
                text18                              2EA      2EA       5B         0
                text17                              345      345       3C         0
                text16                              381      381       35         0
                text15                              481      481       1B         0
                text14                              466      466       1B         0
                text13                              406      406       21         0
                text12                              3E3      3E3       23         0
                text11                              4D0      4D0       1A         0
                text10                              447      447       1F         0
                text9                               4B6      4B6       1A         0
                text8                               49C      49C       1A         0
                text7                               27F      27F       6B         0
                text6                               1DB      1DB       A4         0
                text5                               4F9      4F9        B         0
                text4                               4EA      4EA        F         0
                text3                               427      427       20         0
                text2                               504      504        A         0
                text1                               3B6      3B6       2D         0
                maintext                             AC       AC      12F         0
                clrtext                             51E      51E        6         0
                idataBANK0                          524      524        4         0

        CLASS   STRCODE        
                stringtext1                         518      518        6         0

        CLASS   STRING         

        CLASS   CONST          

        CLASS   ENTRY          

        CLASS   COMMON         
                cstackCOMMON                         70       70        B         1
                bssCOMMON                            7B       7B        1         1

        CLASS   BANK0          
                cstackBANK0                          5D       5D        9         1
                dataBANK0                            66       66        4         1
                bssBANK0                             20       20       3D         1

        CLASS   BANK1          
                bssBANK1                             A0       A0       28         1

        CLASS   BANK2          

        CLASS   BIGRAM         

        CLASS   RAM            

        CLASS   ABS1           
                abs_s1                               7E       7E        2         1

        CLASS   SFR0           

        CLASS   SFR1           

        CLASS   SFR2           

        CLASS   SFR3           

        CLASS   SFR4           

        CLASS   SFR5           

        CLASS   SFR6           

        CLASS   SFR7           

        CLASS   SFR8           

        CLASS   SFR9           

        CLASS   SFR10          

        CLASS   SFR11          

        CLASS   SFR12          

        CLASS   SFR13          

        CLASS   SFR14          

        CLASS   SFR15          

        CLASS   SFR16          

        CLASS   SFR17          

        CLASS   SFR18          

        CLASS   SFR19          

        CLASS   SFR20          

        CLASS   SFR21          

        CLASS   SFR22          

        CLASS   SFR23          

        CLASS   SFR24          

        CLASS   SFR25          

        CLASS   SFR26          

        CLASS   SFR27          

        CLASS   SFR28          

        CLASS   SFR29          

        CLASS   SFR30          

        CLASS   SFR31          

        CLASS   CONFIG         
                config                             8007     8007        2         4

        CLASS   IDLOC          
                idloc                              8000     8000        4         5

        CLASS   BANK31         

        CLASS   BANK30         

        CLASS   BANK29         

        CLASS   BANK28         

        CLASS   BANK27         

        CLASS   BANK26         

        CLASS   BANK25         

        CLASS   BANK24         

        CLASS   BANK23         

        CLASS   BANK22         

        CLASS   BANK21         

        CLASS   BANK20         

        CLASS   BANK19         

        CLASS   BANK18         

        CLASS   BANK17         

        CLASS   BANK16         

        CLASS   BANK15         

        CLASS   BANK14         

        CLASS   BANK13         

        CLASS   BANK12         

        CLASS   BANK11         

        CLASS   BANK10         

        CLASS   BANK9          

        CLASS   BANK8          

        CLASS   BANK7          

        CLASS   BANK6          

        CLASS   BANK5          

        CLASS   BANK4          

        CLASS   BANK3          

        CLASS   HEAP           

        CLASS   STACK          

        CLASS   EEDATA         



SEGMENTS        Name                           Load    Length   Top    Selector   Space  Class     Delta

                reset_vec                      000000  000002  000002         0       0  CODE        2
                intentry                       000004  000514  000518         8       0  CODE        2
                bssBANK0                       000020  00004A  00006A        20       1  BANK0       1
                cstackCOMMON                   000070  00000C  00007C        70       1  COMMON      1
                bssBANK1                       0000A0  000028  0000C8        A0       1  BANK1       1
                stringtext1                    000518  000006  00051E       A30       0  STRCODE     2
                clrtext                        00051E  00000A  000528       A3C       0  CODE        2


UNUSED ADDRESS RANGES

        Name                Unused          Largest block    Delta
        BANK0            0006A-0006F               6           1
        BANK1            000C8-000EF              28           1
        BANK2            00120-0016F              50           1
        BIGRAM           02000-020EF              F0           1
        CODE             00002-00003               2           2
                         00528-00FFF             2D8
        COMMON           0007C-0007D               2           1
        CONST            00002-00003               2           2
                         00528-00FFF             100
        ENTRY            00002-00003               2           2
                         00528-00FFF             100
        RAM              0006A-0006F               6           1
                         000C8-000EF              28
                         00120-0016F              50
        SFR0             00000-0001F              20           1
        SFR1             00080-0009F              20           1
        SFR10            00500-0056F              70           1
        SFR11            00580-005EF              70           1
        SFR12            00600-0066F              70           1
        SFR13            00680-006EF              70           1
        SFR14            00700-0076F              70           1
        SFR15            00780-007EF              70           1
        SFR16            00800-0086F              70           1
        SFR17            00880-008EF              70           1
        SFR18            00900-0096F              70           1
        SFR19            00980-009EF              70           1
        SFR2             00100-0011F              20           1
        SFR20            00A00-00A6F              70           1
        SFR21            00A80-00AEF              70           1
        SFR22            00B00-00B6F              70           1
        SFR23            00B80-00BEF              70           1
        SFR24            00C00-00C6F              70           1
        SFR25            00C80-00CEF              70           1
        SFR26            00D00-00D6F              70           1
        SFR27            00D80-00DEF              70           1
        SFR28            00E00-00E6F              70           1
        SFR29            00E80-00EEF              70           1
        SFR3             00180-001EF              70           1
        SFR30            00F00-00F6F              70           1
        SFR31            00F80-00FEF              70           1
        SFR4             00200-0026F              70           1
        SFR5             00280-002EF              70           1
        SFR6             00300-0036F              70           1
        SFR7             00380-003EF              70           1
        SFR8             00400-0046F              70           1
        SFR9             00480-004EF              70           1
        STRCODE          00002-00003               2           2
                         00528-00FFF             AD8
        STRING           00002-00003               2           2
                         00528-00FFF             100

                                  Symbol Table

?___lldiv                           cstackCOMMON 00071
?___lwdiv                           cstackCOMMON 00071
?___lwmod                           cstackBANK0  0005D
I2CRead@temp                        cstackCOMMON 00073
I2CSend@dat                         cstackCOMMON 00073
_ANSELA                             (abs)        0018C
_ANSELB                             (abs)        0018D
_ANSELC                             (abs)        0018E
_BAUDCON                            (abs)        0019F
_I2CAck                             text15       00481
_I2CInit                            text19       0050E
_I2CNak                             text14       00466
_I2CRead                            text12       003E3
_I2CRestart                         text11       004D0
_I2CSend                            text10       00447
_I2CStart                           text9        004B6
_I2CStop                            text8        0049C
_I2CWait                            text13       00406
_INTCONbits                         (abs)        0000B
_INTERRUPT_InterruptManager         intentry     00004
_LATA                               (abs)        0010C
_LATB                               (abs)        0010D
_LATC                               (abs)        0010E
_LATCbits                           (abs)        0010E
_OPTION_REG                         (abs)        00095
_OSCCON                             (abs)        00099
_PIE1bits                           (abs)        00091
_PIR1bits                           (abs)        00011
_RCREG                              (abs)        00199
_RCSTA                              (abs)        0019D
_RCSTAbits                          (abs)        0019D
_SPBRG                              (abs)        0019B
_SSP1ADD                            (abs)        00212
_SSP1BUF                            (abs)        00211
_SSP1CON1                           (abs)        00215
_SSP1CON2                           (abs)        00216
_SSP1CON2bits                       (abs)        00216
_SSP1STAT                           (abs)        00214
_SSP1STATbits                       (abs)        00214
_TMR0                               (abs)        00015
_TRISA                              (abs)        0008C
_TRISB                              (abs)        0008D
_TRISB4                             (abs)        0046C
_TRISB6                             (abs)        0046E
_TRISBbits                          (abs)        0008D
_TRISC                              (abs)        0008E
_TXREG                              (abs)        0019A
_TXSTA                              (abs)        0019E
_TXSTAbits                          (abs)        0019E
__Habs1                             abs1         00000
__Hbank0                            bank0        00000
__Hbank1                            bank1        00000
__Hbank10                           bank10       00000
__Hbank11                           bank11       00000
__Hbank12                           bank12       00000
__Hbank13                           bank13       00000
__Hbank14                           bank14       00000
__Hbank15                           bank15       00000
__Hbank16                           bank16       00000
__Hbank17                           bank17       00000
__Hbank18                           bank18       00000
__Hbank19                           bank19       00000
__Hbank2                            bank2        00000
__Hbank20                           bank20       00000
__Hbank21                           bank21       00000
__Hbank22                           bank22       00000
__Hbank23                           bank23       00000
__Hbank24                           bank24       00000
__Hbank25                           bank25       00000
__Hbank26                           bank26       00000
__Hbank27                           bank27       00000
__Hbank28                           bank28       00000
__Hbank29                           bank29       00000
__Hbank3                            bank3        00000
__Hbank30                           bank30       00000
__Hbank31                           bank31       00000
__Hbank4                            bank4        00000
__Hbank5                            bank5        00000
__Hbank6                            bank6        00000
__Hbank7                            bank7        00000
__Hbank8                            bank8        00000
__Hbank9                            bank9        00000
__Hbigram                           bigram       00000
__HbssBANK0                         bssBANK0     00000
__HbssBANK1                         bssBANK1     00000
__HbssCOMMON                        bssCOMMON    00000
__Hcinit                            cinit        000AC
__Hclrtext                          clrtext      00000
__Hcode                             code         00000
__Hcommon                           common       00000
__Hconfig                           config       08009
__HcstackBANK0                      cstackBANK0  00000
__HcstackCOMMON                     cstackCOMMON 00000
__HdataBANK0                        dataBANK0    00000
__Heeprom_data                      eeprom_data  00000
__Hend_init                         end_init     00087
__Hfunctab                          functab      00000
__Hheap                             heap         00000
__HidataBANK0                       idataBANK0   00000
__Hidloc                            idloc        08004
__Hinit                             init         00085
__Hintentry                         intentry     00085
__Hmaintext                         maintext     00000
__Hpowerup                          powerup      00000
__Hram                              ram          00000
__Hreset_vec                        reset_vec    00002
__Hsfr0                             sfr0         00000
__Hsfr1                             sfr1         00000
__Hsfr10                            sfr10        00000
__Hsfr11                            sfr11        00000
__Hsfr12                            sfr12        00000
__Hsfr13                            sfr13        00000
__Hsfr14                            sfr14        00000
__Hsfr15                            sfr15        00000
__Hsfr16                            sfr16        00000
__Hsfr17                            sfr17        00000
__Hsfr18                            sfr18        00000
__Hsfr19                            sfr19        00000
__Hsfr2                             sfr2         00000
__Hsfr20                            sfr20        00000
__Hsfr21                            sfr21        00000
__Hsfr22                            sfr22        00000
__Hsfr23                            sfr23        00000
__Hsfr24                            sfr24        00000
__Hsfr25                            sfr25        00000
__Hsfr26                            sfr26        00000
__Hsfr27                            sfr27        00000
__Hsfr28                            sfr28        00000
__Hsfr29                            sfr29        00000
__Hsfr3                             sfr3         00000
__Hsfr30                            sfr30        00000
__Hsfr31                            sfr31        00000
__Hsfr4                             sfr4         00000
__Hsfr5                             sfr5         00000
__Hsfr6                             sfr6         00000
__Hsfr7                             sfr7         00000
__Hsfr8                             sfr8         00000
__Hsfr9                             sfr9         00000
__Hspace_0                          (abs)        00528
__Hspace_1                          (abs)        000C8
__Hspace_2                          (abs)        00000
__Hspace_3                          (abs)        00000
__Hspace_4                          (abs)        10010
__Hstack                            stack        00000
__Hstrings                          strings      00000
__Hstringtext1                      stringtext1  00000
__Hstringtext2                      stringtext2  00000
__Htext                             text         00000
__Labs1                             abs1         00000
__Lbank0                            bank0        00000
__Lbank1                            bank1        00000
__Lbank10                           bank10       00000
__Lbank11                           bank11       00000
__Lbank12                           bank12       00000
__Lbank13                           bank13       00000
__Lbank14                           bank14       00000
__Lbank15                           bank15       00000
__Lbank16                           bank16       00000
__Lbank17                           bank17       00000
__Lbank18                           bank18       00000
__Lbank19                           bank19       00000
__Lbank2                            bank2        00000
__Lbank20                           bank20       00000
__Lbank21                           bank21       00000
__Lbank22                           bank22       00000
__Lbank23                           bank23       00000
__Lbank24                           bank24       00000
__Lbank25                           bank25       00000
__Lbank26                           bank26       00000
__Lbank27                           bank27       00000
__Lbank28                           bank28       00000
__Lbank29                           bank29       00000
__Lbank3                            bank3        00000
__Lbank30                           bank30       00000
__Lbank31                           bank31       00000
__Lbank4                            bank4        00000
__Lbank5                            bank5        00000
__Lbank6                            bank6        00000
__Lbank7                            bank7        00000
__Lbank8                            bank8        00000
__Lbank9                            bank9        00000
__Lbigram                           bigram       00000
__LbssBANK0                         bssBANK0     00000
__LbssBANK1                         bssBANK1     00000
__LbssCOMMON                        bssCOMMON    00000
__Lcinit                            cinit        00087
__Lclrtext                          clrtext      00000
__Lcode                             code         00000
__Lcommon                           common       00000
__Lconfig                           config       00000
__LcstackBANK0                      cstackBANK0  00000
__LcstackCOMMON                     cstackCOMMON 00000
__LdataBANK0                        dataBANK0    00000
__Leeprom_data                      eeprom_data  00000
__Lend_init                         end_init     00085
__Lfunctab                          functab      00000
__Lheap                             heap         00000
__LidataBANK0                       idataBANK0   00000
__Lidloc                            idloc        00000
__Linit                             init         00085
__Lintentry                         intentry     00004
__Lmaintext                         maintext     00000
__Lpowerup                          powerup      00000
__Lram                              ram          00000
__Lreset_vec                        reset_vec    00000
__Lsfr0                             sfr0         00000
__Lsfr1                             sfr1         00000
__Lsfr10                            sfr10        00000
__Lsfr11                            sfr11        00000
__Lsfr12                            sfr12        00000
__Lsfr13                            sfr13        00000
__Lsfr14                            sfr14        00000
__Lsfr15                            sfr15        00000
__Lsfr16                            sfr16        00000
__Lsfr17                            sfr17        00000
__Lsfr18                            sfr18        00000
__Lsfr19                            sfr19        00000
__Lsfr2                             sfr2         00000
__Lsfr20                            sfr20        00000
__Lsfr21                            sfr21        00000
__Lsfr22                            sfr22        00000
__Lsfr23                            sfr23        00000
__Lsfr24                            sfr24        00000
__Lsfr25                            sfr25        00000
__Lsfr26                            sfr26        00000
__Lsfr27                            sfr27        00000
__Lsfr28                            sfr28        00000
__Lsfr29                            sfr29        00000
__Lsfr3                             sfr3         00000
__Lsfr30                            sfr30        00000
__Lsfr31                            sfr31        00000
__Lsfr4                             sfr4         00000
__Lsfr5                             sfr5         00000
__Lsfr6                             sfr6         00000
__Lsfr7                             sfr7         00000
__Lsfr8                             sfr8         00000
__Lsfr9                             sfr9         00000
__Lspace_0                          (abs)        00000
__Lspace_1                          (abs)        00000
__Lspace_2                          (abs)        00000
__Lspace_3                          (abs)        00000
__Lspace_4                          (abs)        00000
__Lstack                            stack        00000
__Lstrings                          strings      00000
__Lstringtext1                      stringtext1  00000
__Lstringtext2                      stringtext2  00000
__Ltext                             text         00000
__S0                                (abs)        00528
__S1                                (abs)        000C8
___heap_hi                          (abs)        00000
___heap_lo                          (abs)        00000
___int_sp                           stack        00000
___latbits                          (abs)        00001
___lldiv                            text18       002EA
___lldiv@counter                    cstackBANK0  00061
___lldiv@dividend                   cstackCOMMON 00075
___lldiv@divisor                    cstackCOMMON 00071
___lldiv@quotient                   cstackBANK0  0005D
___lwdiv                            text17       00345
___lwdiv@counter                    cstackCOMMON 00078
___lwdiv@dividend                   cstackCOMMON 00073
___lwdiv@divisor                    cstackCOMMON 00071
___lwdiv@quotient                   cstackCOMMON 00076
___lwmod                            text16       00381
___lwmod@counter                    cstackCOMMON 0007A
___lwmod@dividend                   cstackBANK0  0005F
___lwmod@divisor                    cstackBANK0  0005D
___sp                               stack        00000
___stackhi                          (abs)        00000
___stacklo                          (abs)        00000
__end_of_I2CAck                     text15       0049C
__end_of_I2CInit                    text19       00518
__end_of_I2CNak                     text14       00481
__end_of_I2CRead                    text12       00406
__end_of_I2CRestart                 text11       004EA
__end_of_I2CSend                    text10       00466
__end_of_I2CStart                   text9        004D0
__end_of_I2CStop                    text8        004B6
__end_of_I2CWait                    text13       00427
__end_of_INTERRUPT_InterruptManager intentry     00085
__end_of___lldiv                    text18       00345
__end_of___lwdiv                    text17       00381
__end_of___lwmod                    text16       003B6
__end_of__initialization            cinit        000A8
__end_of_main                       maintext     001DB
__end_of_mcp3422_fn                 text7        002EA
__end_of_memset                     text6        0027F
__end_of_rxint                      text4        004F9
__end_of_strcpy                     text3        00447
__end_of_time_int                   text2        0050E
__end_of_txmul_fn                   text1        003E3
__end_of_uart2_init                 text5        00504
__initialization                    cinit        00087
__pbssBANK0                         bssBANK0     00020
__pbssBANK1                         bssBANK1     000A0
__pbssCOMMON                        bssCOMMON    0007B
__pcstackBANK0                      cstackBANK0  0005D
__pcstackCOMMON                     cstackCOMMON 00070
__pdataBANK0                        dataBANK0    00066
__pidataBANK0                       idataBANK0   00524
__pintentry                         intentry     00004
__pmaintext                         maintext     000AC
__pstringtext1                      stringtext1  00518
__pstringtext2                      stringtext2  00000
__ptext1                            text1        003B6
__ptext10                           text10       00447
__ptext11                           text11       004D0
__ptext12                           text12       003E3
__ptext13                           text13       00406
__ptext14                           text14       00466
__ptext15                           text15       00481
__ptext16                           text16       00381
__ptext17                           text17       00345
__ptext18                           text18       002EA
__ptext19                           text19       0050E
__ptext2                            text2        00504
__ptext3                            text3        00427
__ptext4                            text4        004EA
__ptext5                            text5        004F9
__ptext6                            text6        001DB
__ptext7                            text7        0027F
__ptext8                            text8        0049C
__ptext9                            text9        004B6
_actval                             bssBANK0     0003A
_addval                             bssBANK0     00054
_cond                               bssBANK0     00042
_i2cdelaycnt                        bssCOMMON    0007B
_int1cnt                            bssBANK0     00050
_int32tou8                          bssBANK0     00032
_intcnt                             bssBANK0     00038
_logtim                             bssBANK0     00036
_longactval                         bssBANK0     0002A
_main                               maintext     000AC
_mcp3422_fn                         text7        0027F
_memset                             text6        001DB
_rd1cnt                             bssBANK0     0004C
_rd2cnt                             bssBANK0     0004B
_recvcnt                            bssBANK0     00055
_rx_cnt                             bssBANK0     0004F
_rx_data                            bssBANK0     0004E
_rxcnt                              bssBANK0     00056
_rxdataarr                          bssBANK1     000AA
_rxint                              text4        004EA
_rxrecvarr                          bssBANK0     00020
_strcpy                             text3        00427
_time_int                           text2        00504
_tx1str                             bssBANK1     000B4
_txchkcnt                           bssBANK0     0004D
_txcnt                              bssBANK0     00048
_txlen2                             bssBANK0     0004A
_txlen3                             bssBANK0     00049
_txmul_fn                           text1        003B6
_uart2_init                         text5        004F9
btemp                               (abs)        0007E
clear_ram0                          clrtext      0051E
end_of_initialization               cinit        000A8
int$flags                           (abs)        0007E
intlevel0                           functab      00000
intlevel1                           functab      00000
intlevel2                           functab      00000
intlevel3                           functab      00000
intlevel4                           functab      00000
intlevel5                           functab      00000
memset@c                            cstackCOMMON 00071
memset@dest                         cstackCOMMON 00079
memset@k                            cstackCOMMON 00077
memset@n                            cstackCOMMON 00073
memset@s                            cstackCOMMON 0007A
reset_vec                           reset_vec    00000
start                               init         00085
start_initialization                cinit        00087
strcpy@d                            cstackCOMMON 00077
strcpy@dest                         cstackCOMMON 00078
strcpy@s                            cstackCOMMON 00075
strcpy@src                          cstackCOMMON 00071
txmul_fn@txdatastr1                 cstackCOMMON 00073
txmul_fn@txlen1                     cstackCOMMON 00071
wtemp0                              (abs)        0007E


MODULE INFORMATION

Module		Function		Class		Link	Load	Size
C:\Program Files\Microchip\xc8\v2.35\pic\sources\c99\common\lwdiv.c
		___lwdiv       		CODE           	0345	0000	60

C:\Program Files\Microchip\xc8\v2.35\pic\sources\c99\common\lwdiv.c estimated size: 60

C:\Program Files\Microchip\xc8\v2.35\pic\sources\c99\common\__lldiv.c
		___lldiv       		CODE           	02EA	0000	91

C:\Program Files\Microchip\xc8\v2.35\pic\sources\c99\common\__lldiv.c estimated size: 91

shared
		__initialization		CODE           	0087	0000	33

shared estimated size: 33

16f1509_bulfro_485_tempsensor_v8-4-23.c
		_I2CNak        		CODE           	0466	0000	27
		_txmul_fn      		CODE           	03B6	0000	45
		_time_int      		CODE           	0504	0000	10
		_mcp3422_fn    		CODE           	027F	0000	107
		_I2CStop       		CODE           	049C	0000	26
		_I2CAck        		CODE           	0481	0000	27
		_main          		CODE           	00AC	0000	303
		_I2CRead       		CODE           	03E3	0000	35
		_INTERRUPT_InterruptManager		CODE           	0004	0000	129
		_I2CRestart    		CODE           	04D0	0000	26
		_I2CStart      		CODE           	04B6	0000	26
		_rxint         		CODE           	04EA	0000	15
		_uart2_init    		CODE           	04F9	0000	11
		_I2CWait       		CODE           	0406	0000	33
		_I2CInit       		CODE           	050E	0000	10
		_I2CSend       		CODE           	0447	0000	31

16f1509_bulfro_485_tempsensor_v8-4-23.c estimated size: 861

C:\Program Files\Microchip\xc8\v2.35\pic\sources\c99\common\strcpy.c
		_strcpy        		CODE           	0427	0000	32

C:\Program Files\Microchip\xc8\v2.35\pic\sources\c99\common\strcpy.c estimated size: 32

C:\Program Files\Microchip\xc8\v2.35\pic\sources\c99\common\memset.c
		_memset        		CODE           	01DB	0000	164

C:\Program Files\Microchip\xc8\v2.35\pic\sources\c99\common\memset.c estimated size: 164

C:\Program Files\Microchip\xc8\v2.35\pic\sources\c99\common\lwmod.c
		___lwmod       		CODE           	0381	0000	53

C:\Program Files\Microchip\xc8\v2.35\pic\sources\c99\common\lwmod.c estimated size: 53

